#
# There is insufficient memory for the Java Runtime Environment to continue.
# Native memory allocation (mmap) failed to map 2097152 bytes for G1 virtual space
# Possible reasons:
#   The system is out of physical RAM or swap space
#   The process is running with CompressedOops enabled, and the Java Heap may be blocking the growth of the native heap
# Possible solutions:
#   Reduce memory load on the system
#   Increase physical memory or swap space
#   Check if swap backing store is full
#   Decrease Java heap size (-Xmx/-Xms)
#   Decrease number of Java threads
#   Decrease Java thread stack sizes (-Xss)
#   Set larger code cache with -XX:ReservedCodeCacheSize=
#   JVM is running with Unscaled Compressed Oops mode in which the Java heap is
#     placed in the first 4GB address space. The Java Heap base address is the
#     maximum limit for the native heap growth. Please use -XX:HeapBaseMinAddress
#     to set the Java Heap base and to place the Java Heap above 4GB virtual address.
# This output file may be truncated or incomplete.
#
#  Out of Memory Error (os_windows.cpp:3600), pid=1876, tid=12036
#
# JRE version:  (21.0.2+13) (build )
# Java VM: Java HotSpot(TM) 64-Bit Server VM (21.0.2+13-LTS-58, mixed mode, sharing, tiered, compressed oops, compressed class ptrs, g1 gc, windows-amd64)
# No core dump will be written. Minidumps are not enabled by default on client versions of Windows
#

---------------  S U M M A R Y ------------

Command Line: 

Host: Intel(R) Core(TM) i5-5300U CPU @ 2.30GHz, 4 cores, 7G,  Windows 10 , 64 bit Build 19041 (10.0.19041.5915)
Time: Wed Dec  3 23:20:23 2025 Morocco Daylight Time elapsed time: 0.090740 seconds (0d 0h 0m 0s)

---------------  T H R E A D  ---------------

Current thread (0x000001fc11d7cc00):  JavaThread "Unknown thread" [_thread_in_vm, id=12036, stack(0x0000005dbf000000,0x0000005dbf100000) (1024K)]

Stack: [0x0000005dbf000000,0x0000005dbf100000]
Native frames: (J=compiled Java code, j=interpreted, Vv=VM code, C=native code)
V  [jvm.dll+0x6cade9]
V  [jvm.dll+0x8569c1]
V  [jvm.dll+0x858d2e]
V  [jvm.dll+0x859413]
V  [jvm.dll+0x280e56]
V  [jvm.dll+0x6c74d5]
V  [jvm.dll+0x6bbeca]
V  [jvm.dll+0x355bca]
V  [jvm.dll+0x35d816]
V  [jvm.dll+0x3ae693]
V  [jvm.dll+0x3ae928]
V  [jvm.dll+0x3295dc]
V  [jvm.dll+0x32a16b]
V  [jvm.dll+0x81efa9]
V  [jvm.dll+0x3bba01]
V  [jvm.dll+0x807928]
V  [jvm.dll+0x44f50e]
V  [jvm.dll+0x450e11]
C  [jli.dll+0x52a3]
C  [ucrtbase.dll+0x21bb2]
C  [KERNEL32.DLL+0x17374]
C  [ntdll.dll+0x4cc91]


---------------  P R O C E S S  ---------------

Threads class SMR info:
_java_thread_list=0x00007ff87e8dbb88, length=0, elements={
}

Java Threads: ( => current thread )
Total: 0

Other Threads:
  0x000001fc14031550 WorkerThread "GC Thread#0"                     [id=9280, stack(0x0000005dbf100000,0x0000005dbf200000) (1024K)]
  0x000001fc14042170 ConcurrentGCThread "G1 Main Marker"            [id=11336, stack(0x0000005dbf200000,0x0000005dbf300000) (1024K)]
  0x000001fc14042c70 WorkerThread "G1 Conc#0"                       [id=10840, stack(0x0000005dbf300000,0x0000005dbf400000) (1024K)]

[error occurred during error reporting (printing all threads), id 0xc0000005, EXCEPTION_ACCESS_VIOLATION (0xc0000005) at pc=0x00007ff87e04c6a7]
VM state: not at safepoint (not fully initialized)

VM Mutex/Monitor currently owned by a thread:  ([mutex/lock_event])
[0x00007ff87e94ce68] Heap_lock - owner thread: 0x000001fc11d7cc00

Heap address: 0x0000000081e00000, size: 2018 MB, Compressed Oops mode: 32-bit

CDS archive(s) mapped at: [0x0000000000000000-0x0000000000000000-0x0000000000000000), size 0, SharedBaseAddress: 0x0000000800000000, ArchiveRelocationMode: 1.
Narrow klass base: 0x0000000000000000, Narrow klass shift: 0, Narrow klass range: 0x0

GC Precious Log:
 CardTable entry size: 512
 Card Set container configuration: InlinePtr #cards 5 size 8 Array Of Cards #cards 12 size 40 Howl #buckets 4 coarsen threshold 1843 Howl Bitmap #cards 512 size 80 coarsen threshold 460 Card regions per heap region 1 cards per card region 2048

Heap:
 garbage-first heap   total 0K, used 0K [0x0000000081e00000, 0x0000000100000000)
  region size 1024K, 0 young (0K), 0 survivors (0K)

[error occurred during error reporting (printing heap information), id 0xc0000005, EXCEPTION_ACCESS_VIOLATION (0xc0000005) at pc=0x00007ff87e4339f9]
GC Heap History (0 events):
No events

Dll operation events (1 events):
Event: 0.034 Loaded shared library C:\Program Files\Java\jdk-21\bin\java.dll

Deoptimization events (0 events):
No events

Classes loaded (0 events):
No events

Classes unloaded (0 events):
No events

Classes redefined (0 events):
No events

Internal exceptions (0 events):
No events

ZGC Phase Switch (0 events):
No events

VM Operations (0 events):
No events

Events (0 events):
No events


Dynamic libraries:
0x00007ff754b30000 - 0x00007ff754b40000 	C:\Program Files\Java\jdk-21\bin\java.exe
0x00007ff8c9310000 - 0x00007ff8c9508000 	C:\Windows\SYSTEM32\ntdll.dll
0x00007ff8c7b30000 - 0x00007ff8c7bf2000 	C:\Windows\System32\KERNEL32.DLL
0x00007ff8c6ad0000 - 0x00007ff8c6dc6000 	C:\Windows\System32\KERNELBASE.dll
0x00007ff8c69a0000 - 0x00007ff8c6aa0000 	C:\Windows\System32\ucrtbase.dll
0x00007ff8b2a70000 - 0x00007ff8b2a89000 	C:\Program Files\Java\jdk-21\bin\jli.dll
0x00007ff8c9160000 - 0x00007ff8c9211000 	C:\Windows\System32\ADVAPI32.dll
0x00007ff8c9090000 - 0x00007ff8c912e000 	C:\Windows\System32\msvcrt.dll
0x00007ff8c8e70000 - 0x00007ff8c8f0f000 	C:\Windows\System32\sechost.dll
0x00007ff8c8200000 - 0x00007ff8c8320000 	C:\Windows\System32\RPCRT4.dll
0x00007ff8c6f00000 - 0x00007ff8c6f27000 	C:\Windows\System32\bcrypt.dll
0x00007ff8c76e0000 - 0x00007ff8c7881000 	C:\Windows\System32\USER32.dll
0x00007ff8c6aa0000 - 0x00007ff8c6ac2000 	C:\Windows\System32\win32u.dll
0x00007ff8c9240000 - 0x00007ff8c926b000 	C:\Windows\System32\GDI32.dll
0x00007ff8c7210000 - 0x00007ff8c7329000 	C:\Windows\System32\gdi32full.dll
0x00007ff8c6dd0000 - 0x00007ff8c6e6d000 	C:\Windows\System32\msvcp_win.dll
0x00007ff8b1300000 - 0x00007ff8b131b000 	C:\Program Files\Java\jdk-21\bin\VCRUNTIME140.dll
0x00007ff8b5de0000 - 0x00007ff8b607b000 	C:\Windows\WinSxS\amd64_microsoft.windows.common-controls_6595b64144ccf1df_6.0.19041.6456_none_60b8a6cb71f64256\COMCTL32.dll
0x00007ff8bcd10000 - 0x00007ff8bcd1a000 	C:\Windows\SYSTEM32\VERSION.dll
0x00007ff8c9130000 - 0x00007ff8c915f000 	C:\Windows\System32\IMM32.DLL
0x00007ff8c3680000 - 0x00007ff8c368c000 	C:\Program Files\Java\jdk-21\bin\vcruntime140_1.dll
0x00007ff8b1270000 - 0x00007ff8b12fe000 	C:\Program Files\Java\jdk-21\bin\msvcp140.dll
0x00007ff87dd10000 - 0x00007ff87ea27000 	C:\Program Files\Java\jdk-21\bin\server\jvm.dll
0x00007ff8c7c70000 - 0x00007ff8c7cdb000 	C:\Windows\System32\WS2_32.dll
0x00007ff8c5ea0000 - 0x00007ff8c5eeb000 	C:\Windows\SYSTEM32\POWRPROF.dll
0x00007ff8b5270000 - 0x00007ff8b5297000 	C:\Windows\SYSTEM32\WINMM.dll
0x00007ff8c5d60000 - 0x00007ff8c5d72000 	C:\Windows\SYSTEM32\UMPDC.dll
0x00007ff8c47d0000 - 0x00007ff8c47e2000 	C:\Windows\SYSTEM32\kernel.appcore.dll
0x00007ff8c0bb0000 - 0x00007ff8c0bba000 	C:\Program Files\Java\jdk-21\bin\jimage.dll
0x00007ff8b1da0000 - 0x00007ff8b1fa1000 	C:\Windows\SYSTEM32\DBGHELP.DLL
0x00007ff8aa2d0000 - 0x00007ff8aa304000 	C:\Windows\SYSTEM32\dbgcore.DLL
0x00007ff8c6e70000 - 0x00007ff8c6ef2000 	C:\Windows\System32\bcryptPrimitives.dll
0x00007ff8b1250000 - 0x00007ff8b126f000 	C:\Program Files\Java\jdk-21\bin\java.dll

dbghelp: loaded successfully - version: 4.0.5 - missing functions: none
symbol engine: initialized successfully - sym options: 0x614 - pdb path: .;C:\Program Files\Java\jdk-21\bin;C:\Windows\SYSTEM32;C:\Windows\WinSxS\amd64_microsoft.windows.common-controls_6595b64144ccf1df_6.0.19041.6456_none_60b8a6cb71f64256;C:\Program Files\Java\jdk-21\bin\server

VM Arguments:
java_command: <unknown>
java_class_path (initial): <not set>
Launcher Type: SUN_STANDARD

[Global flags]
     intx CICompilerCount                          = 3                                         {product} {ergonomic}
     uint ConcGCThreads                            = 1                                         {product} {ergonomic}
     uint G1ConcRefinementThreads                  = 4                                         {product} {ergonomic}
   size_t G1HeapRegionSize                         = 1048576                                   {product} {ergonomic}
    uintx GCDrainStackTargetSize                   = 64                                        {product} {ergonomic}
   size_t InitialHeapSize                          = 134217728                                 {product} {ergonomic}
   size_t MarkStackSize                            = 4194304                                   {product} {ergonomic}
   size_t MaxHeapSize                              = 2116026368                                {product} {ergonomic}
   size_t MinHeapDeltaBytes                        = 1048576                                   {product} {ergonomic}
   size_t MinHeapSize                              = 8388608                                   {product} {ergonomic}
    uintx NonNMethodCodeHeapSize                   = 5832780                                {pd product} {ergonomic}
    uintx NonProfiledCodeHeapSize                  = 122912730                              {pd product} {ergonomic}
    uintx ProfiledCodeHeapSize                     = 122912730                              {pd product} {ergonomic}
    uintx ReservedCodeCacheSize                    = 251658240                              {pd product} {ergonomic}
     bool SegmentedCodeCache                       = true                                      {product} {ergonomic}
   size_t SoftMaxHeapSize                          = 2116026368                             {manageable} {ergonomic}
     bool UseCompressedOops                        = true                           {product lp64_product} {ergonomic}
     bool UseG1GC                                  = true                                      {product} {ergonomic}
     bool UseLargePagesIndividualAllocation        = false                                  {pd product} {ergonomic}

Logging:
Log output configuration:
 #0: stdout all=warning uptime,level,tags foldmultilines=false
 #1: stderr all=off uptime,level,tags foldmultilines=false

Environment Variables:
JAVA_HOME=C:\Program Files\Java\jdk-21
PATH=C:\Program Files\Java\jdk-21\bin;C:\Users\brahim\.trae\tools\maven\latest\bin;C:\Users\brahim\.trae\tools\gradle\latest\bin;C:\Python312\Scripts\;C:\Python312\;C:\Program Files\Common Files\Oracle\Java\javapath;C:\Windows\system32;C:\Windows;C:\Windows\System32\Wbem;C:\Windows\System32\WindowsPowerShell\v1.0\;C:\Windows\System32\OpenSSH\;C:\xampp\php;C:\Program Files\Java\jdk-21\bin;C:\Program Files\nodejs\;C:\ProgramData\chocolatey\bin;C:\Program Files\Git\cmd;C:\Program Files (x86)\Microsoft SQL Server\160\Tools\Binn\;C:\Program Files\Microsoft SQL Server\160\Tools\Binn\;C:\Program Files\Microsoft SQL Server\Client SDK\ODBC\170\Tools\Binn\;C:\Program Files\Microsoft SQL Server\160\DTS\Binn\;C:\Program Files (x86)\Microsoft SQL Server\160\DTS\Binn\;C:\Program Files\Maven\apache-maven-3.9.9\bin;C:\minikube;C:\Program Files\Java\openlogic-openjdk-8u442-b06-windows-x64\bin;C:\Program Files\Microsoft SQL Server\150\Tools\Binn\;;C:\Program Files\Docker\Docker\resources\bin;C:\Users\brahim\AppData\Local\Microsoft\WindowsApps;C:\Users\brahim\AppData\Local\Programs\Microsoft VS Code\bin;C:\Users\brahim\AppData\Roaming\npm;C:\Users\brahim\AppData\Local\ComposerSetup\bin;C:\Users\brahim\AppData\Roaming\Composer\vendor\bin;C:\Users\brahim\AppData\Roaming\Python\Python312\site-packages;c:\Users\brahim\AppData\Local\Programs\Trae\resources\app\bin\lib;C:\Users\brahim\.trae\tools\maven\latest\bin;C:\Users\brahim\.trae\tools\gradle\latest\bin
USERNAME=brahim
OS=Windows_NT
PROCESSOR_IDENTIFIER=Intel64 Family 6 Model 61 Stepping 4, GenuineIntel
TMP=C:\Users\brahim\AppData\Local\Temp
TEMP=C:\Users\brahim\AppData\Local\Temp




Periodic native trim disabled

---------------  S Y S T E M  ---------------

OS:
 Windows 10 , 64 bit Build 19041 (10.0.19041.5915)
OS uptime: 0 days 0:14 hours
Hyper-V role detected

CPU: total 4 (initial active 4) (2 cores per cpu, 2 threads per core) family 6 model 61 stepping 4 microcode 0x2d, cx8, cmov, fxsr, ht, mmx, 3dnowpref, sse, sse2, sse3, ssse3, sse4.1, sse4.2, popcnt, lzcnt, tsc, tscinvbit, avx, avx2, aes, erms, clmul, bmi1, bmi2, rtm, adx, fma, vzeroupper, clflush, hv, rdtscp, f16c
Processor Information for all 4 processors :
  Max Mhz: 2301, Current Mhz: 2301, Mhz Limit: 2301

Memory: 4k page, system-wide physical 8067M (689M free)
TotalPageFile size 12682M (AvailPageFile size 44M)
current process WorkingSet (physical memory assigned to process): 10M, peak: 10M
current process commit charge ("private bytes"): 180M, peak: 182M

vm_info: Java HotSpot(TM) 64-Bit Server VM (21.0.2+13-LTS-58) for windows-amd64 JRE (21.0.2+13-LTS-58), built on 2024-01-05T18:32:24Z by "mach5one" with MS VC++ 17.1 (VS2022)

END.
